{
  "main_ranks": {
    "A_long": {
      "1": 13,
      "5": 14,
      "8": 25,
      "14": 34,
      "18": 18
    },
    "B_recent": {
      "1": 5,
      "5": 17,
      "8": 33,
      "14": 28,
      "18": 1
    },
    "C_gap": {
      "1": 18,
      "5": 27,
      "8": 11,
      "14": 12,
      "18": 35
    },
    "D_trend": {
      "1": 2,
      "5": 32,
      "8": 31,
      "14": 26,
      "18": 7
    },
    "G_ensemble": {
      "1": 32,
      "5": 8,
      "8": 6,
      "14": 20,
      "18": 34
    },
    "H_random": {
      "1": 4,
      "5": 30,
      "8": 1,
      "14": 15,
      "18": 34
    }
  },
  "super_ball_ranks": [
    {
      "model": "S_long",
      "ball": 2,
      "derived_rank": 8,
      "score_tie_rank": [
        8,
        9
      ],
      "saved_score": -0.6412427107392532,
      "informative": true,
      "saved_model_prediction": 5,
      "features": {
        "number": "2",
        "count": "15",
        "expected": "17.6",
        "deviation": "-2.6000000000000014",
        "ew_rate": "0.06827420518979553",
        "current_gap": "27",
        "mean_gap": "9.357142857142858",
        "median_gap": "5.5",
        "gap_sd": "11.836106057036096",
        "gap_percentile": "0.8571428571428571",
        "longest_absence": "38",
        "trend": "-0.2",
        "short_long_ratio": "0.0",
        "volatility": "0.0899826972986962",
        "complete_gaps": "[9, 38, 16, 3, 2, 5, 33, 6, 0, 4, 1, 6, 1, 7]",
        "last100": "10",
        "last50": "5",
        "last30": "1",
        "last20": "0",
        "last10": "0"
      },
      "probability": null,
      "provenance": "Order derived from frozen scores and original deterministic tie-break; not an originally stored full SB order."
    },
    {
      "model": "S_long",
      "ball": 3,
      "derived_rank": 6,
      "score_tie_rank": [
        5,
        6
      ],
      "saved_score": -0.14797908709367405,
      "informative": true,
      "saved_model_prediction": 5,
      "features": {
        "number": "3",
        "count": "17",
        "expected": "17.6",
        "deviation": "-0.6000000000000014",
        "ew_rate": "0.13970538805834898",
        "current_gap": "1",
        "mean_gap": "9.625",
        "median_gap": "9.5",
        "gap_sd": "6.74166151627327",
        "gap_percentile": "0.125",
        "longest_absence": "20",
        "trend": "0.024999999999999994",
        "short_long_ratio": "1.5529411764705883",
        "volatility": "0.07578881603955957",
        "complete_gaps": "[4, 16, 3, 16, 12, 18, 17, 7, 20, 0, 14, 0, 6, 8, 11, 2]",
        "last100": "11",
        "last50": "8",
        "last30": "4",
        "last20": "3",
        "last10": "2"
      },
      "probability": null,
      "provenance": "Order derived from frozen scores and original deterministic tie-break; not an originally stored full SB order."
    },
    {
      "model": "S_recent",
      "ball": 2,
      "derived_rank": 9,
      "score_tie_rank": [
        9,
        9
      ],
      "saved_score": -1.250339198053844,
      "informative": true,
      "saved_model_prediction": 5,
      "features": {
        "number": "2",
        "count": "15",
        "expected": "17.6",
        "deviation": "-2.6000000000000014",
        "ew_rate": "0.06827420518979553",
        "current_gap": "27",
        "mean_gap": "9.357142857142858",
        "median_gap": "5.5",
        "gap_sd": "11.836106057036096",
        "gap_percentile": "0.8571428571428571",
        "longest_absence": "38",
        "trend": "-0.2",
        "short_long_ratio": "0.0",
        "volatility": "0.0899826972986962",
        "complete_gaps": "[9, 38, 16, 3, 2, 5, 33, 6, 0, 4, 1, 6, 1, 7]",
        "last100": "10",
        "last50": "5",
        "last30": "1",
        "last20": "0",
        "last10": "0"
      },
      "probability": null,
      "provenance": "Order derived from frozen scores and original deterministic tie-break; not an originally stored full SB order."
    },
    {
      "model": "S_recent",
      "ball": 3,
      "derived_rank": 2,
      "score_tie_rank": [
        2,
        2
      ],
      "saved_score": 0.9281521669545917,
      "informative": true,
      "saved_model_prediction": 5,
      "features": {
        "number": "3",
        "count": "17",
        "expected": "17.6",
        "deviation": "-0.6000000000000014",
        "ew_rate": "0.13970538805834898",
        "current_gap": "1",
        "mean_gap": "9.625",
        "median_gap": "9.5",
        "gap_sd": "6.74166151627327",
        "gap_percentile": "0.125",
        "longest_absence": "20",
        "trend": "0.024999999999999994",
        "short_long_ratio": "1.5529411764705883",
        "volatility": "0.07578881603955957",
        "complete_gaps": "[4, 16, 3, 16, 12, 18, 17, 7, 20, 0, 14, 0, 6, 8, 11, 2]",
        "last100": "11",
        "last50": "8",
        "last30": "4",
        "last20": "3",
        "last10": "2"
      },
      "probability": null,
      "provenance": "Order derived from frozen scores and original deterministic tie-break; not an originally stored full SB order."
    },
    {
      "model": "S_gap",
      "ball": 2,
      "derived_rank": 1,
      "score_tie_rank": [
        1,
        1
      ],
      "saved_score": 2.681122703422175,
      "informative": true,
      "saved_model_prediction": 2,
      "features": {
        "number": "2",
        "count": "15",
        "expected": "17.6",
        "deviation": "-2.6000000000000014",
        "ew_rate": "0.06827420518979553",
        "current_gap": "27",
        "mean_gap": "9.357142857142858",
        "median_gap": "5.5",
        "gap_sd": "11.836106057036096",
        "gap_percentile": "0.8571428571428571",
        "longest_absence": "38",
        "trend": "-0.2",
        "short_long_ratio": "0.0",
        "volatility": "0.0899826972986962",
        "complete_gaps": "[9, 38, 16, 3, 2, 5, 33, 6, 0, 4, 1, 6, 1, 7]",
        "last100": "10",
        "last50": "5",
        "last30": "1",
        "last20": "0",
        "last10": "0"
      },
      "probability": null,
      "provenance": "Order derived from frozen scores and original deterministic tie-break; not an originally stored full SB order."
    },
    {
      "model": "S_gap",
      "ball": 3,
      "derived_rank": 9,
      "score_tie_rank": [
        9,
        9
      ],
      "saved_score": -0.8218516829585562,
      "informative": true,
      "saved_model_prediction": 2,
      "features": {
        "number": "3",
        "count": "17",
        "expected": "17.6",
        "deviation": "-0.6000000000000014",
        "ew_rate": "0.13970538805834898",
        "current_gap": "1",
        "mean_gap": "9.625",
        "median_gap": "9.5",
        "gap_sd": "6.74166151627327",
        "gap_percentile": "0.125",
        "longest_absence": "20",
        "trend": "0.024999999999999994",
        "short_long_ratio": "1.5529411764705883",
        "volatility": "0.07578881603955957",
        "complete_gaps": "[4, 16, 3, 16, 12, 18, 17, 7, 20, 0, 14, 0, 6, 8, 11, 2]",
        "last100": "11",
        "last50": "8",
        "last30": "4",
        "last20": "3",
        "last10": "2"
      },
      "probability": null,
      "provenance": "Order derived from frozen scores and original deterministic tie-break; not an originally stored full SB order."
    },
    {
      "model": "S_trend",
      "ball": 2,
      "derived_rank": 10,
      "score_tie_rank": [
        10,
        10
      ],
      "saved_score": -2.5298221281027033,
      "informative": true,
      "saved_model_prediction": 5,
      "features": {
        "number": "2",
        "count": "15",
        "expected": "17.6",
        "deviation": "-2.6000000000000014",
        "ew_rate": "0.06827420518979553",
        "current_gap": "27",
        "mean_gap": "9.357142857142858",
        "median_gap": "5.5",
        "gap_sd": "11.836106057036096",
        "gap_percentile": "0.8571428571428571",
        "longest_absence": "38",
        "trend": "-0.2",
        "short_long_ratio": "0.0",
        "volatility": "0.0899826972986962",
        "complete_gaps": "[9, 38, 16, 3, 2, 5, 33, 6, 0, 4, 1, 6, 1, 7]",
        "last100": "10",
        "last50": "5",
        "last30": "1",
        "last20": "0",
        "last10": "0"
      },
      "probability": null,
      "provenance": "Order derived from frozen scores and original deterministic tie-break; not an originally stored full SB order."
    },
    {
      "model": "S_trend",
      "ball": 3,
      "derived_rank": 4,
      "score_tie_rank": [
        4,
        6
      ],
      "saved_score": 0.31622776601283786,
      "informative": true,
      "saved_model_prediction": 5,
      "features": {
        "number": "3",
        "count": "17",
        "expected": "17.6",
        "deviation": "-0.6000000000000014",
        "ew_rate": "0.13970538805834898",
        "current_gap": "1",
        "mean_gap": "9.625",
        "median_gap": "9.5",
        "gap_sd": "6.74166151627327",
        "gap_percentile": "0.125",
        "longest_absence": "20",
        "trend": "0.024999999999999994",
        "short_long_ratio": "1.5529411764705883",
        "volatility": "0.07578881603955957",
        "complete_gaps": "[4, 16, 3, 16, 12, 18, 17, 7, 20, 0, 14, 0, 6, 8, 11, 2]",
        "last100": "11",
        "last50": "8",
        "last30": "4",
        "last20": "3",
        "last10": "2"
      },
      "probability": null,
      "provenance": "Order derived from frozen scores and original deterministic tie-break; not an originally stored full SB order."
    },
    {
      "model": "S_transition",
      "ball": 2,
      "derived_rank": 7,
      "score_tie_rank": [
        1,
        10
      ],
      "saved_score": 0.0,
      "informative": false,
      "saved_model_prediction": 6,
      "features": {
        "number": "2",
        "count": "15",
        "expected": "17.6",
        "deviation": "-2.6000000000000014",
        "ew_rate": "0.06827420518979553",
        "current_gap": "27",
        "mean_gap": "9.357142857142858",
        "median_gap": "5.5",
        "gap_sd": "11.836106057036096",
        "gap_percentile": "0.8571428571428571",
        "longest_absence": "38",
        "trend": "-0.2",
        "short_long_ratio": "0.0",
        "volatility": "0.0899826972986962",
        "complete_gaps": "[9, 38, 16, 3, 2, 5, 33, 6, 0, 4, 1, 6, 1, 7]",
        "last100": "10",
        "last50": "5",
        "last30": "1",
        "last20": "0",
        "last10": "0"
      },
      "probability": null,
      "provenance": "Order derived from frozen scores and original deterministic tie-break; not an originally stored full SB order."
    },
    {
      "model": "S_transition",
      "ball": 3,
      "derived_rank": 4,
      "score_tie_rank": [
        1,
        10
      ],
      "saved_score": 0.0,
      "informative": false,
      "saved_model_prediction": 6,
      "features": {
        "number": "3",
        "count": "17",
        "expected": "17.6",
        "deviation": "-0.6000000000000014",
        "ew_rate": "0.13970538805834898",
        "current_gap": "1",
        "mean_gap": "9.625",
        "median_gap": "9.5",
        "gap_sd": "6.74166151627327",
        "gap_percentile": "0.125",
        "longest_absence": "20",
        "trend": "0.024999999999999994",
        "short_long_ratio": "1.5529411764705883",
        "volatility": "0.07578881603955957",
        "complete_gaps": "[4, 16, 3, 16, 12, 18, 17, 7, 20, 0, 14, 0, 6, 8, 11, 2]",
        "last100": "11",
        "last50": "8",
        "last30": "4",
        "last20": "3",
        "last10": "2"
      },
      "probability": null,
      "provenance": "Order derived from frozen scores and original deterministic tie-break; not an originally stored full SB order."
    },
    {
      "model": "S_ensemble",
      "ball": 2,
      "derived_rank": 1,
      "score_tie_rank": [
        1,
        1
      ],
      "saved_score": 0.9462786012078265,
      "informative": true,
      "saved_model_prediction": 2,
      "features": {
        "number": "2",
        "count": "15",
        "expected": "17.6",
        "deviation": "-2.6000000000000014",
        "ew_rate": "0.06827420518979553",
        "current_gap": "27",
        "mean_gap": "9.357142857142858",
        "median_gap": "5.5",
        "gap_sd": "11.836106057036096",
        "gap_percentile": "0.8571428571428571",
        "longest_absence": "38",
        "trend": "-0.2",
        "short_long_ratio": "0.0",
        "volatility": "0.0899826972986962",
        "complete_gaps": "[9, 38, 16, 3, 2, 5, 33, 6, 0, 4, 1, 6, 1, 7]",
        "last100": "10",
        "last50": "5",
        "last30": "1",
        "last20": "0",
        "last10": "0"
      },
      "probability": null,
      "provenance": "Order derived from frozen scores and original deterministic tie-break; not an originally stored full SB order."
    },
    {
      "model": "S_ensemble",
      "ball": 3,
      "derived_rank": 9,
      "score_tie_rank": [
        9,
        9
      ],
      "saved_score": -0.2900652998677257,
      "informative": true,
      "saved_model_prediction": 2,
      "features": {
        "number": "3",
        "count": "17",
        "expected": "17.6",
        "deviation": "-0.6000000000000014",
        "ew_rate": "0.13970538805834898",
        "current_gap": "1",
        "mean_gap": "9.625",
        "median_gap": "9.5",
        "gap_sd": "6.74166151627327",
        "gap_percentile": "0.125",
        "longest_absence": "20",
        "trend": "0.024999999999999994",
        "short_long_ratio": "1.5529411764705883",
        "volatility": "0.07578881603955957",
        "complete_gaps": "[4, 16, 3, 16, 12, 18, 17, 7, 20, 0, 14, 0, 6, 8, 11, 2]",
        "last100": "11",
        "last50": "8",
        "last30": "4",
        "last20": "3",
        "last10": "2"
      },
      "probability": null,
      "provenance": "Order derived from frozen scores and original deterministic tie-break; not an originally stored full SB order."
    }
  ],
  "jev": {
    "spearman_choice_vs_main_matches": 0.12101911292079993,
    "null_whole_draw_replicates": 20000,
    "two_sided_mc_p": 0.6367681615919204,
    "weighted_main_matches": 0.8300000000000002,
    "unweighted_main_matches": 0.7,
    "best_main_matches": 2,
    "best_ids": [
      "SL06",
      "SL11"
    ],
    "main_match_counts": {
      "0": 8,
      "1": 10,
      "2": 2,
      "3": 0,
      "4": 0,
      "5": 0
    },
    "candidate_SB_values": [
      2,
      4,
      5,
      6
    ],
    "candidate_main_union": [
      1,
      2,
      3,
      4,
      5,
      6,
      7,
      8,
      9,
      10,
      11,
      12,
      13,
      16,
      17,
      18,
      19,
      20,
      21,
      22,
      23,
      24,
      25,
      28,
      29,
      30,
      32,
      33,
      34,
      35
    ],
    "winner_missing_from_all_candidates": [
      14
    ],
    "no_candidate_correct_SB": true,
    "interpretation": "One correlated candidate set and one draw: descriptive, not evidence validating or invalidating Jev predictive skill."
  },
  "refinement": [
    {
      "period": "all",
      "domain": "main",
      "n": 126,
      "mean": 0.7063492063492064,
      "rates": [
        0.4365079365079365,
        0.42857142857142855,
        0.12698412698412698,
        0.007936507936507936,
        0.0,
        0.0
      ],
      "random_mean": 0.7142857142857143,
      "p": 0.5679630468159791,
      "ci": [
        0.5712301587301588,
        0.8571428571428571
      ],
      "older": 0.7142857142857143,
      "recent": 0.6984126984126984,
      "paired_delta": 0.0873015873015873,
      "paired_ci": [
        -0.007936507936507936,
        0.20634920634920634
      ],
      "holm_p": 1.0,
      "passes_gate": false
    },
    {
      "period": "all",
      "domain": "SB",
      "n": 126,
      "mean": 0.09523809523809523,
      "rates": [
        0.9047619047619048,
        0.09523809523809523
      ],
      "random_mean": 0.1,
      "p": 0.6141849694848517,
      "ci": [
        0.05555555555555555,
        0.14285714285714285
      ],
      "older": 0.1111111111111111,
      "recent": 0.07936507936507936,
      "paired_delta": 0.0,
      "paired_ci": [
        0.0,
        0.0
      ],
      "holm_p": 1.0,
      "passes_gate": false
    },
    {
      "period": "development",
      "domain": "main",
      "n": 86,
      "mean": 0.627906976744186,
      "rates": [
        0.46511627906976744,
        0.4418604651162791,
        0.09302325581395349,
        0.0,
        0.0,
        0.0
      ],
      "random_mean": 0.7142857142857143,
      "p": 0.8787265031822812,
      "ci": [
        0.4883720930232558,
        0.7790697674418605
      ],
      "older": 0.627906976744186,
      "recent": 0.627906976744186,
      "paired_delta": 0.011627906976744186,
      "paired_ci": [
        -0.023255813953488372,
        0.05813953488372093
      ],
      "holm_p": 0.8787265031822812,
      "passes_gate": false
    },
    {
      "period": "development",
      "domain": "SB",
      "n": 86,
      "mean": 0.11627906976744186,
      "rates": [
        0.8837209302325582,
        0.11627906976744186
      ],
      "random_mean": 0.1,
      "p": 0.3570975683292906,
      "ci": [
        0.05813953488372093,
        0.1744186046511628
      ],
      "older": 0.09302325581395349,
      "recent": 0.13953488372093023,
      "paired_delta": 0.0,
      "paired_ci": [
        0.0,
        0.0
      ],
      "holm_p": 0.7141951366585813,
      "passes_gate": false
    },
    {
      "period": "confirmation",
      "domain": "main",
      "n": 40,
      "mean": 0.875,
      "rates": [
        0.375,
        0.4,
        0.2,
        0.025,
        0.0,
        0.0
      ],
      "random_mean": 0.7142857142857143,
      "p": 0.1028802571458598,
      "ci": [
        0.625,
        1.175
      ],
      "older": 0.75,
      "recent": 1.0,
      "paired_delta": 0.25,
      "paired_ci": [
        -0.025,
        0.575
      ],
      "holm_p": 0.2057605142917196,
      "passes_gate": false
    },
    {
      "period": "confirmation",
      "domain": "SB",
      "n": 40,
      "mean": 0.05,
      "rates": [
        0.95,
        0.05
      ],
      "random_mean": 0.1,
      "p": 0.919526303985524,
      "ci": [
        0.0,
        0.1
      ],
      "older": 0.05,
      "recent": 0.05,
      "paired_delta": 0.0,
      "paired_ci": [
        0.0,
        0.0
      ],
      "holm_p": 0.919526303985524,
      "passes_gate": false
    }
  ]
}
